// Jest Snapshot v1, https://goo.gl/fbAQLP

exports[`Search Route with successful API responses returns image URLs 1`] = `
Array [
  "https://images.pexels.com/photos/189349/pexels-photo-189349.jpeg?auto=compress&cs=tinysrgb&h=650&w=940",
  "https://images.pexels.com/photos/1001682/pexels-photo-1001682.jpeg?auto=compress&cs=tinysrgb&h=650&w=940",
  "https://images.pexels.com/photos/1680140/pexels-photo-1680140.jpeg?auto=compress&cs=tinysrgb&h=650&w=940",
  "https://images.pexels.com/photos/533923/pexels-photo-533923.jpeg?auto=compress&cs=tinysrgb&h=650&w=940",
  "https://images.pexels.com/photos/847393/pexels-photo-847393.jpeg?auto=compress&cs=tinysrgb&h=650&w=940",
  "https://images.pexels.com/photos/932638/pexels-photo-932638.jpeg?auto=compress&cs=tinysrgb&h=650&w=940",
  "https://images.pexels.com/photos/1802268/pexels-photo-1802268.jpeg?auto=compress&cs=tinysrgb&h=650&w=940",
  "https://images.pexels.com/photos/1533720/pexels-photo-1533720.jpeg?auto=compress&cs=tinysrgb&h=650&w=940",
  "https://images.pexels.com/photos/561463/pexels-photo-561463.jpeg?auto=compress&cs=tinysrgb&h=650&w=940",
  "https://images.pexels.com/photos/37403/bora-bora-french-polynesia-sunset-ocean.jpg?auto=compress&cs=tinysrgb&h=650&w=940",
  "https://images.pexels.com/photos/756856/pexels-photo-756856.jpeg?auto=compress&cs=tinysrgb&h=650&w=940",
  "https://images.pexels.com/photos/994605/pexels-photo-994605.jpeg?auto=compress&cs=tinysrgb&h=650&w=940",
  "https://images.pexels.com/photos/2860705/pexels-photo-2860705.jpeg?auto=compress&cs=tinysrgb&h=650&w=940",
  "https://images.pexels.com/photos/1452701/pexels-photo-1452701.jpeg?auto=compress&cs=tinysrgb&h=650&w=940",
  "https://images.pexels.com/photos/1076758/pexels-photo-1076758.jpeg?auto=compress&cs=tinysrgb&h=650&w=940",
]
`;
